
> landing-page@0.1.0 build
> next build

Γû▓ Next.js 16.1.6 (Turbopack)

node.exe : ΓÜá The 
"middleware" file 
convention is deprecated. 
Please use "proxy" 
instead. Learn more: https:
//nextjs.org/docs/messages/
middleware-to-proxy
At line:1 char:1
+ & "C:\Program 
Files\nodejs/node.exe" 
"C:\Program 
Files\nodejs/node_mo ...
+ ~~~~~~~~~~~~~~~~~~~~~~~~~
~~~~~~~~~~~~~~~~~~~~~~~~~~~
~~~~~~~~~~~~~~~~~
    + CategoryInfo         
     : NotSpecified: (ΓÜá  
   The "middle...leware-   
 to-proxy:String) [], R    
emoteException
    + FullyQualifiedErrorI 
   d : NativeCommandError
 
  Creating an optimized production build ...
Γ£ô Compiled successfully in 2.9s
  Running TypeScript ...
Failed to compile.

.next/types/validator.ts:10
3:31
Type error: Type 'typeof im
port("D:/30nam/landing-page
/src/app/[lang]/layout")' 
does not satisfy the 
constraint 
'LayoutConfig<"/[lang]">'.
  Types of property 
'default' are incompatible.
    Type '({ children, 
params, }: { children: 
ReactNode; params: 
Promise<{ lang: "vi" | 
"en"; }>; }) => 
Promise<Element>' is not 
assignable to type 'Compone
ntType<LayoutProps<"/[lang]
">> | ((props: 
LayoutProps<"/[lang]">) => 
void | ReactNode | 
Promise<ReactNode> | 
Promise<...>)'.
      Type '({ children, 
params, }: { children: 
ReactNode; params: 
Promise<{ lang: "vi" | 
"en"; }>; }) => 
Promise<Element>' is not 
assignable to type 'Functio
nComponent<LayoutProps<"/[l
ang]">>'.
        Types of 
parameters '__0' and 
'props' are incompatible.
          Type 
'LayoutProps<"/[lang]">' 
is not assignable to type 
'{ children: ReactNode; 
params: Promise<{ lang: 
"vi" | "en"; }>; }'.
            Types of 
property 'params' are 
incompatible.
              Type 
'Promise<{ lang: string; 
}>' is not assignable to 
type 'Promise<{ lang: "vi" 
| "en"; }>'.
                Type '{ 
lang: string; }' is not 
assignable to type '{ 
lang: "vi" | "en"; }'.
                  Types of 
property 'lang' are 
incompatible.
                    Type 
'string' is not assignable 
to type '"vi" | "en"'.

[0m [90m 101 |[39m   
type __IsExpected[33m<[39
m[33mSpecific[39m 
[36mextends[39m [33mLayo
utConfig[39m[33m<[39m[3
2m"/[lang]"[39m[33m>>[39
m [33m=[39m 
[33mSpecific[39m
 [90m 102 |[39m   
[36mconst[39m handler 
[33m=[39m {} 
[36mas[39m 
[36mtypeof[39m [36mimpor
t[39m([32m"../../src/app/
[lang]/layout.js"[39m)
[31m[1m>[22m[39m[90m 
103 |[39m   type __Check 
[33m=[39m __IsExpected[3
3m<[39m[36mtypeof[39m 
handler[33m>[39m
 [90m     |[39m          
                     
[31m[1m^[22m[39m
 [90m 104 |[39m   
[90m// @ts-ignore[39m
 [90m 105 |[39m   type 
__Unused [33m=[39m 
__Check
 [90m 106 |[39m }[0m
Next.js build worker 
exited with code: 1 and 
signal: null
