.next/types/validator.ts(103,31): error TS2344: Type 'typeof import("D:/30nam/landing-page/src/app/[lang]/layout")' does not satisfy the constraint 'LayoutConfig<"/[lang]">'.
  Types of property 'default' are incompatible.
    Type '({ children, params, }: { children: ReactNode; params: { lang: "vi" | "en"; }; }) => Promise<Element>' is not assignable to type 'ComponentType<LayoutProps<"/[lang]">> | ((props: LayoutProps<"/[lang]">) => void | ReactNode | Promise<ReactNode> | Promise<...>)'.
      Type '({ children, params, }: { children: ReactNode; params: { lang: "vi" | "en"; }; }) => Promise<Element>' is not assignable to type 'FunctionComponent<LayoutProps<"/[lang]">>'.
        Types of parameters '__0' and 'props' are incompatible.
          Type 'LayoutProps<"/[lang]">' is not assignable to type '{ children: ReactNode; params: { lang: "vi" | "en"; }; }'.
            Types of property 'params' are incompatible.
              Property 'lang' is missing in type 'Promise<{ lang: string; }>' but required in type '{ lang: "vi" | "en"; }'.
src/app/[lang]/page.tsx(1,25): error TS2307: Cannot find module '../components/HeroSection' or its corresponding type declarations.
src/app/[lang]/page.tsx(2,24): error TS2307: Cannot find module '../components/CoreValues' or its corresponding type declarations.
src/app/[lang]/page.tsx(3,29): error TS2307: Cannot find module '../components/HistoryTimeline' or its corresponding type declarations.
src/app/[lang]/page.tsx(4,23): error TS2307: Cannot find module '../components/Event2026' or its corresponding type declarations.
src/app/[lang]/page.tsx(5,29): error TS2307: Cannot find module '../components/TestimonialGrid' or its corresponding type declarations.
src/app/[lang]/page.tsx(6,26): error TS2307: Cannot find module '../components/PhotoGallery' or its corresponding type declarations.
src/app/[lang]/page.tsx(7,26): error TS2307: Cannot find module '../components/EbookArchive' or its corresponding type declarations.
src/app/[lang]/page.tsx(8,24): error TS2307: Cannot find module '../components/Vision2026' or its corresponding type declarations.
src/app/[lang]/page.tsx(9,24): error TS2307: Cannot find module '../components/Statistics' or its corresponding type declarations.
